[UnityConnectServicesConfig] Local config successfully read: "/usr/share/unity3d/config/services-config.json"
[UnityConnectServicesConfig] Service configuration:
    "servicesConfigBaseUrl": "",
    "disableServicesWindow": false,
    "disableUserLogin": false,
    "entitlementCacheTimeoutInSeconds": 60,
    "clientConnectTimeoutSec": 60,
    "clientHandshakeTimeoutSec": 30,
    "clientResolveEntitlementsTimeoutSec": 30,
    "clientUpdateLicenseTimeoutSec": 30,
    "licensingServiceBaseUrl": "",
    "enableProxyAutoconfig": "false"

Unity Editor version:    6000.3.7f1 (696ec25a53d1)
Branch:                  6000.3/staging
Build type:              Release
Batch mode:              YES
System name:             Linux
Distro version:          #1 SMP PREEMPT_DYNAMIC Fri, 20 Feb 2026 01:02:58 +0000
Kernel version:          6.19.3-2-cachyos
Architecture:            x86_64
Window Protocol:         Wayland (XWayland)
Available memory:        31996 MB
Date:                    2026-02-22T22:36:17Z
[Licensing::Module] Trying to connect to existing licensing client channel...
[Licensing::IpcConnector] Successfully connected to: "LicenseClient-rhiannon" at "2026-02-22T22:36:17.237031Z"
[SignatureVerifier] Application signature verification not supported on this platform.
[Licensing::Client] Handshaking with LicensingClient:
  Version:                 1.17.4+4293ba1
  Session Id:              b2839abfce3d49adbb1e5bd57f8a4a90
  Correlation Id:          314f5f0527a0f9810997842311347834
  External correlation Id: 3631547397903366295
  Machine Id:              f8KgvhXTc+wkx/7/K110e9qU1KE=
[Licensing::Module] Successfully connected to LicensingClient on channel: "LicenseClient-rhiannon" (connect: 0.00s, validation: 0.00s, handshake: 0.00s)
[Licensing::IpcConnector] Successfully connected to: "LicenseClient-rhiannon-notifications" at "2026-02-22T22:36:17.237873Z"
[Licensing::Module] Licensing Background thread has ended after 0.00s
Selected window backend: (null) 
Desktop is 5920 x 2560 @ 60 Hz
Initialize udev device monitor.

COMMAND LINE ARGUMENTS:
Unity
-adb2
-batchMode
-noUpm
-name
AssetImportWorker5
-projectPath
/mnt/vfs_share/School Work/Diploma/The Chase
-logFile
Logs/AssetImportWorker5.log
-srvPort
39965
-licensingIpc
LicenseClient-rhiannon
-job-worker-count
11
-background-job-worker-count
8
-gc-helper-count
1
Successfully changed project path to: /mnt/vfs_share/School Work/Diploma/The Chase
/mnt/vfs_share/School Work/Diploma/The Chase
[UnityMemory] Configuration Parameters - Can be set up in boot.config
    "memorysetup-allocator-temp-initial-block-size-main=262144"
    "memorysetup-allocator-temp-initial-block-size-worker=262144"
    "memorysetup-temp-allocator-size-background-worker=32768"
    "memorysetup-temp-allocator-size-job-worker=262144"
    "memorysetup-temp-allocator-size-preload-manager=33554432"
    "memorysetup-temp-allocator-size-nav-mesh-worker=65536"
    "memorysetup-temp-allocator-size-audio-worker=65536"
    "memorysetup-temp-allocator-size-cloud-worker=32768"
    "memorysetup-temp-allocator-size-gi-baking-worker=262144"
    "memorysetup-temp-allocator-size-gi-baking-worker=262144"
    "memorysetup-temp-allocator-size-gi-baking-worker=262144"
    "memorysetup-temp-allocator-size-gi-baking-worker=262144"
    "memorysetup-temp-allocator-size-gi-baking-worker=262144"
    "memorysetup-bucket-allocator-granularity=16"
    "memorysetup-bucket-allocator-bucket-count=8"
    "memorysetup-bucket-allocator-block-size=33554432"
    "memorysetup-bucket-allocator-block-count=8"
    "memorysetup-main-allocator-block-size=16777216"
    "memorysetup-thread-allocator-block-size=16777216"
    "memorysetup-gfx-main-allocator-block-size=16777216"
    "memorysetup-gfx-thread-allocator-block-size=16777216"
    "memorysetup-cache-allocator-block-size=4194304"
    "memorysetup-typetree-allocator-block-size=2097152"
    "memorysetup-profiler-bucket-allocator-granularity=16"
    "memorysetup-profiler-bucket-allocator-bucket-count=8"
    "memorysetup-profiler-bucket-allocator-block-size=33554432"
    "memorysetup-profiler-bucket-allocator-block-count=8"
    "memorysetup-profiler-allocator-block-size=16777216"
    "memorysetup-profiler-editor-allocator-block-size=1048576"
    "memorysetup-temp-allocator-size-main=16777216"
    "memorysetup-job-temp-allocator-block-size=2097152"
    "memorysetup-job-temp-allocator-block-size-background=1048576"
    "memorysetup-job-temp-allocator-reduction-small-platforms=262144"
    "memorysetup-temp-allocator-size-gfx=262144"
Player connection [139868147395712]  Target information:

Player connection [139868147395712]  * "[IP] 192.168.1.16 [Port] 0 [Flags] 2 [Guid] 1644987537 [EditorId] 1644987537 [Version] 1048832 [Id] LinuxEditor(16,192.168.1.16) [Debug] 1 [PackageName] LinuxEditor [ProjectName] Editor" 

Player connection [139868147395712]  * "[IP] 192.168.122.1 [Port] 0 [Flags] 2 [Guid] 1644987537 [EditorId] 1644987537 [Version] 1048832 [Id] LinuxEditor(16,192.168.1.16) [Debug] 1 [PackageName] LinuxEditor [ProjectName] Editor" 

Player connection [139868147395712] Host joined multi-casting on [225.0.0.222:54997]...
Player connection [139868147395712] Host joined alternative multi-casting on [225.0.0.222:34997]...
JobSystem: Creating JobQueue using job-worker-count value 11
Input System module state changed to: Initialized.
[Physics::Module] Initialized fallback backend.
[Physics::Module] Id: 0xdecafbad
Library Redirect Path: Library/
[Physics::Module] Selected backend.
[Physics::Module] Name: PhysX
[Physics::Module] Id: 0xf2b8ea05
[Physics::Module] SDK Version: 4.1.2
[Physics::Module] Integration Version: 1.0.0
[Physics::Module] Threading Mode: Multi-Threaded
Refreshing native plugins compatible for Editor in 1.43 ms, found 0 plugins.
Preloading 0 native plugins for Editor in 0.00 ms.
Initialize engine version: 6000.3.7f1 (696ec25a53d1)
[Subsystems] Discovering subsystems at path /home/rhiannon/Unity/Hub/Editor/6000.3.7f1/Editor/Data/Resources/UnitySubsystems
[Subsystems] Discovering subsystems at path /mnt/vfs_share/School Work/Diploma/The Chase/Assets
kGfxThreadingModeNonThreaded is not supported on OpenGL Core. Reverting to kGfxThreadingModeDirect instead.
GfxDevice: creating device client; kGfxThreadingModeDirect
GLX Extensions: GLX_ARB_context_flush_control GLX_ARB_create_context GLX_ARB_create_context_no_error GLX_ARB_create_context_profile GLX_ARB_create_context_robustness GLX_ARB_fbconfig_float GLX_ARB_framebuffer_sRGB GLX_ARB_get_proc_address GLX_ARB_multisample GLX_EXT_buffer_age GLX_EXT_create_context_es2_profile GLX_EXT_create_context_es_profile GLX_EXT_fbconfig_packed_float GLX_EXT_framebuffer_sRGB GLX_EXT_no_config_context GLX_EXT_swap_control GLX_EXT_swap_control_tear GLX_EXT_texture_from_pixmap GLX_EXT_visual_info GLX_EXT_visual_rating GLX_MESA_copy_sub_buffer GLX_MESA_gl_interop GLX_MESA_query_renderer GLX_MESA_swap_control GLX_OML_sync_control GLX_SGIS_multisample GLX_SGIX_fbconfig GLX_SGIX_pbuffer GLX_SGIX_visual_select_group GLX_SGI_make_current_read GLX_SGI_video_sync 
Renderer: AMD Radeon RX 6950 XT (radeonsi, navi21, LLVM 21.1.6, DRM 3.64, 6.19.3-2-cachyos)
Vendor:   AMD
Version:  4.6 (Core Profile) Mesa 25.3.5-arch1.2
GLES:     0
 GL_AMD_conservative_depth GL_AMD_depth_clamp_separate GL_AMD_draw_buffers_blend GL_AMD_framebuffer_multisample_advanced GL_AMD_gpu_shader_int64 GL_AMD_multi_draw_indirect GL_AMD_performance_monitor GL_AMD_pinned_memory GL_AMD_query_buffer_object GL_AMD_seamless_cubemap_per_texture GL_AMD_shader_stencil_export GL_AMD_shader_trinary_minmax GL_AMD_texture_texture4 GL_AMD_vertex_shader_layer GL_AMD_vertex_shader_viewport_index GL_ANGLE_texture_compression_dxt3 GL_ANGLE_texture_compression_dxt5 GL_ARB_ES2_compatibility GL_ARB_ES3_1_compatibility GL_ARB_ES3_2_compatibility GL_ARB_ES3_compatibility GL_ARB_arrays_of_arrays GL_ARB_base_instance GL_ARB_bindless_texture GL_ARB_blend_func_extended GL_ARB_buffer_storage GL_ARB_clear_buffer_object GL_ARB_clear_texture GL_ARB_clip_control GL_ARB_color_buffer_float GL_ARB_compressed_texture_pixel_storage GL_ARB_compute_shader GL_ARB_compute_variable_group_size GL_ARB_conditional_render_inverted GL_ARB_conservative_depth GL_ARB_copy_buffer GL_ARB_copy_image GL_ARB_cull_dist
ance GL_ARB_debug_output GL_ARB_depth_buffer_float GL_ARB_depth_clamp GL_ARB_derivative_control GL_ARB_direct_state_access GL_ARB_draw_buffers GL_ARB_draw_buffers_blend GL_ARB_draw_elements_base_vertex GL_ARB_draw_indirect GL_ARB_draw_instanced GL_ARB_enhanced_layouts GL_ARB_explicit_attrib_location GL_ARB_explicit_uniform_location GL_ARB_fragment_coord_conventions GL_ARB_fragment_layer_viewport GL_ARB_fragment_shader GL_ARB_framebuffer_no_attachments GL_ARB_framebuffer_object GL_ARB_framebuffer_sRGB GL_ARB_get_program_binary GL_ARB_get_texture_sub_image GL_ARB_gl_spirv GL_ARB_gpu_shader5 GL_ARB_gpu_shader_fp64 GL_ARB_gpu_shader_int64 GL_ARB_half_float_pixel GL_ARB_half_float_vertex GL_ARB_indirect_parameters GL_ARB_instanced_arrays GL_ARB_internalformat_query GL_ARB_internalformat_query2 GL_ARB_invalidate_subdata GL_ARB_map_buffer_alignment GL_ARB_map_buffer_range GL_ARB_multi_bind GL_ARB_multi_draw_indirect GL_ARB_occlusion_query2 GL_ARB_parallel_shader_compile GL_ARB_pipeline_statistics_query GL_ARB_pixel
_buffer_object GL_ARB_point_sprite GL_ARB_polygon_offset_clamp GL_ARB_post_depth_coverage GL_ARB_program_interface_query GL_ARB_provoking_vertex GL_ARB_query_buffer_object GL_ARB_robust_buffer_access_behavior GL_ARB_robustness GL_ARB_sample_shading GL_ARB_sampler_objects GL_ARB_seamless_cube_map GL_ARB_seamless_cubemap_per_texture GL_ARB_separate_shader_objects GL_ARB_shader_atomic_counter_ops GL_ARB_shader_atomic_counters GL_ARB_shader_ballot GL_ARB_shader_bit_encoding GL_ARB_shader_clock GL_ARB_shader_draw_parameters GL_ARB_shader_group_vote GL_ARB_shader_image_load_store GL_ARB_shader_image_size GL_ARB_shader_objects GL_ARB_shader_precision GL_ARB_shader_stencil_export GL_ARB_shader_storage_buffer_object GL_ARB_shader_subroutine GL_ARB_shader_texture_image_samples GL_ARB_shader_texture_lod GL_ARB_shader_viewport_layer_array GL_ARB_shading_language_420pack GL_ARB_shading_language_include GL_ARB_shading_language_packing GL_ARB_sparse_buffer GL_ARB_sparse_texture GL_ARB_sparse_texture2 GL_ARB_sparse_texture_
clamp GL_ARB_spirv_extensions GL_ARB_stencil_texturing GL_ARB_sync GL_ARB_tessellation_shader GL_ARB_texture_barrier GL_ARB_texture_border_clamp GL_ARB_texture_buffer_object GL_ARB_texture_buffer_object_rgb32 GL_ARB_texture_buffer_range GL_ARB_texture_compression_bptc GL_ARB_texture_compression_rgtc GL_ARB_texture_cube_map_array GL_ARB_texture_filter_anisotropic GL_ARB_texture_filter_minmax GL_ARB_texture_float GL_ARB_texture_gather GL_ARB_texture_mirror_clamp_to_edge GL_ARB_texture_multisample GL_ARB_texture_non_power_of_two GL_ARB_texture_query_levels GL_ARB_texture_query_lod GL_ARB_texture_rectangle GL_ARB_texture_rg GL_ARB_texture_rgb10_a2ui GL_ARB_texture_stencil8 GL_ARB_texture_storage GL_ARB_texture_storage_multisample GL_ARB_texture_swizzle GL_ARB_texture_view GL_ARB_timer_query GL_ARB_transform_feedback2 GL_ARB_transform_feedback3 GL_ARB_transform_feedback_instanced GL_ARB_transform_feedback_overflow_query GL_ARB_uniform_buffer_object GL_ARB_vertex_array_bgra GL_ARB_vertex_array_object GL_ARB_vertex
_attrib_64bit GL_ARB_vertex_attrib_binding GL_ARB_vertex_buffer_object GL_ARB_vertex_shader GL_ARB_vertex_type_10f_11f_11f_rev GL_ARB_vertex_type_2_10_10_10_rev GL_ARB_viewport_array GL_ATI_blend_equation_separate GL_ATI_meminfo GL_ATI_texture_float GL_ATI_texture_mirror_once GL_EXT_EGL_image_storage GL_EXT_EGL_image_storage_compression GL_EXT_EGL_sync GL_EXT_abgr GL_EXT_blend_equation_separate GL_EXT_debug_label GL_EXT_demote_to_helper_invocation GL_EXT_depth_bounds_test GL_EXT_draw_buffers2 GL_EXT_draw_instanced GL_EXT_framebuffer_blit GL_EXT_framebuffer_multisample GL_EXT_framebuffer_multisample_blit_scaled GL_EXT_framebuffer_object GL_EXT_framebuffer_sRGB GL_EXT_memory_object GL_EXT_memory_object_fd GL_EXT_packed_depth_stencil GL_EXT_packed_float GL_EXT_pixel_buffer_object GL_EXT_polygon_offset_clamp GL_EXT_provoking_vertex GL_EXT_semaphore GL_EXT_semaphore_fd GL_EXT_shader_clock GL_EXT_shader_image_load_formatted GL_EXT_shader_image_load_store GL_EXT_shader_integer_mix GL_EXT_shader_samples_identical GL
_EXT_texture_array GL_EXT_texture_compression_dxt1 GL_EXT_texture_compression_rgtc GL_EXT_texture_compression_s3tc GL_EXT_texture_filter_anisotropic GL_EXT_texture_filter_minmax GL_EXT_texture_integer GL_EXT_texture_mirror_clamp GL_EXT_texture_sRGB GL_EXT_texture_sRGB_R8 GL_EXT_texture_sRGB_RG8 GL_EXT_texture_sRGB_decode GL_EXT_texture_shadow_lod GL_EXT_texture_shared_exponent GL_EXT_texture_snorm GL_EXT_texture_storage GL_EXT_texture_swizzle GL_EXT_timer_query GL_EXT_transform_feedback GL_EXT_vertex_array_bgra GL_EXT_vertex_attrib_64bit GL_EXT_window_rectangles GL_IBM_multimode_draw_arrays GL_INTEL_blackhole_render GL_KHR_blend_equation_advanced GL_KHR_context_flush_control GL_KHR_debug GL_KHR_no_error GL_KHR_parallel_shader_compile GL_KHR_robust_buffer_access_behavior GL_KHR_robustness GL_KHR_shader_subgroup GL_KHR_texture_compression_astc_ldr GL_KHR_texture_compression_astc_sliced_3d GL_MESA_framebuffer_flip_y GL_MESA_pack_invert GL_MESA_shader_integer_functions GL_MESA_texture_const_bandwidth GL_MESA_tex
ture_signed_rgba GL_NVX_gpu_memory_info GL_NV_alpha_to_coverage_dither_control GL_NV_compute_shader_derivatives GL_NV_conditional_render GL_NV_copy_image GL_NV_depth_clamp GL_NV_packed_depth_stencil GL_NV_shader_atomic_int64 GL_NV_texture_barrier GL_OES_EGL_image GL_S3_s3tc
OPENGL LOG: Creating OpenGL 4.6 graphics device ; Context level  <OpenGL 4.5> ; Context handle 721993248
Initialize mono
Mono path[0] = '/home/rhiannon/Unity/Hub/Editor/6000.3.7f1/Editor/Data/Managed'
Mono path[1] = '/home/rhiannon/Unity/Hub/Editor/6000.3.7f1/Editor/Data/MonoBleedingEdge/lib/mono/unityjit-linux'
Mono config path = '/home/rhiannon/Unity/Hub/Editor/6000.3.7f1/Editor/Data/MonoBleedingEdge/etc'
Using monoOptions --debugger-agent=transport=dt_socket,embedding=1,server=y,suspend=n,address=127.0.0.1:56183
Begin MonoManager ReloadAssembly
Registering precompiled unity dll's ...
Register platform support module: /home/rhiannon/Unity/Hub/Editor/6000.3.7f1/Editor/Data/PlaybackEngines/LinuxStandaloneSupport/UnityEditor.LinuxStandalone.Extensions.dll
Registered in 0.001747 seconds.
- Loaded All Assemblies, in  0.254 seconds
Native extension for LinuxStandalone target not found
Package Manager log level set to [2]
[Package Manager] Failed to launch server process. Reason: Unity was launched with the -noUpm command-line argument
[Package Manager] Unable to send message (not connected to server process).
[Package Manager] Cannot connect to Unity Package Manager local server
ScheduleIndexationOnStartup MainProcess:False IndexOnStartup:True
Mono: successfully reloaded assembly
- Finished resetting the current domain, in  0.403 seconds
Domain Reload Profiling: 656ms
	BeginReloadAssembly (51ms)
		ExecutionOrderSort (0ms)
		DisableScriptedObjects (0ms)
		BackupInstance (0ms)
		ReleaseScriptingObjects (0ms)
		CreateAndSetChildDomain (1ms)
	RebuildCommonClasses (29ms)
	RebuildNativeTypeToScriptingClass (8ms)
	initialDomainReloadingComplete (44ms)
	LoadAllAssembliesAndSetupDomain (122ms)
		LoadAssemblies (50ms)
		RebuildTransferFunctionScriptingTraits (0ms)
		AnalyzeDomain (120ms)
			TypeCache.Refresh (119ms)
				TypeCache.ScanAssembly (110ms)
			BuildScriptInfoCaches (0ms)
			ResolveRequiredComponents (0ms)
	FinalizeReload (403ms)
		ReleaseScriptCaches (0ms)
		RebuildScriptCaches (0ms)
		SetupLoadedEditorAssemblies (363ms)
			LogAssemblyErrors (0ms)
			InitializePlatformSupportModulesInManaged (44ms)
			SetLoadedEditorAssemblies (5ms)
			BeforeProcessingInitializeOnLoad (96ms)
			ProcessInitializeOnLoadAttributes (151ms)
			ProcessInitializeOnLoadMethodAttributes (66ms)
			AfterProcessingInitializeOnLoad (0ms)
			EditorAssembliesLoaded (0ms)
		ExecutionOrderSort2 (0ms)
		AwakeInstancesAfterBackupRestoration (0ms)
========================================================================
Worker process is ready to serve import requests
Import Worker Mode flag is 0x00
Begin MonoManager ReloadAssembly
[Licensing::Client] Successfully resolved entitlement details
[Licensing::Module] License group:
  Id: 16768291832327-UnityPersXXXX
  Product: Unity Personal
  Type: Assigned
  Expiration: Unlimited
- Loaded All Assemblies, in  0.527 seconds
Refreshing native plugins compatible for Editor in 0.23 ms, found 0 plugins.
Native extension for LinuxStandalone target not found
[Package Manager] Failed to launch server process. Reason: Unity was launched with the -noUpm command-line argument
[Package Manager] Unable to send message (not connected to server process).
[Package Manager] Cannot connect to Unity Package Manager local server
ScheduleIndexationOnStartup MainProcess:False IndexOnStartup:True
Mono: successfully reloaded assembly
- Finished resetting the current domain, in  0.589 seconds
Domain Reload Profiling: 1114ms
	BeginReloadAssembly (109ms)
		ExecutionOrderSort (0ms)
		DisableScriptedObjects (7ms)
		BackupInstance (0ms)
		ReleaseScriptingObjects (0ms)
		CreateAndSetChildDomain (32ms)
	RebuildCommonClasses (32ms)
	RebuildNativeTypeToScriptingClass (7ms)
	initialDomainReloadingComplete (34ms)
	LoadAllAssembliesAndSetupDomain (343ms)
		LoadAssemblies (190ms)
		RebuildTransferFunctionScriptingTraits (0ms)
		AnalyzeDomain (192ms)
			TypeCache.Refresh (133ms)
				TypeCache.ScanAssembly (123ms)
			BuildScriptInfoCaches (49ms)
			ResolveRequiredComponents (8ms)
	FinalizeReload (589ms)
		ReleaseScriptCaches (0ms)
		RebuildScriptCaches (0ms)
		SetupLoadedEditorAssemblies (448ms)
			LogAssemblyErrors (0ms)
			InitializePlatformSupportModulesInManaged (1ms)
			SetLoadedEditorAssemblies (4ms)
			BeforeProcessingInitializeOnLoad (127ms)
			ProcessInitializeOnLoadAttributes (262ms)
			ProcessInitializeOnLoadMethodAttributes (51ms)
			AfterProcessingInitializeOnLoad (4ms)
			EditorAssembliesLoaded (0ms)
		ExecutionOrderSort2 (0ms)
		AwakeInstancesAfterBackupRestoration (2ms)
WARNING: Shader Unsupported: 'Hidden/Retro Shaders Pro/Terrain/Lit (Base Pass)' - All subshaders removed
WARNING: Shader Did you use #pragma only_renderers and omit this platform?
WARNING: Shader If subshaders removal was intentional, you may have forgotten turning Fallback off?
WARNING: Shader Unsupported: 'Hidden/Retro Shaders Pro/Terrain/Lit (Base Pass)' - All subshaders removed
WARNING: Shader Did you use #pragma only_renderers and omit this platform?
WARNING: Shader If subshaders removal was intentional, you may have forgotten turning Fallback off?
WARNING: Shader Unsupported: 'Retro Shaders Pro/Terrain/Lit' - All subshaders removed
WARNING: Shader Did you use #pragma only_renderers and omit this platform?
WARNING: Shader If subshaders removal was intentional, you may have forgotten turning Fallback off?
WARNING: Shader Unsupported: 'Retro Shaders Pro/Terrain/Lit' - All subshaders removed
WARNING: Shader Did you use #pragma only_renderers and omit this platform?
WARNING: Shader If subshaders removal was intentional, you may have forgotten turning Fallback off?
AutoLocale: current locale expects 'C' but got 'en_AU.UTF-8'Launched and connected shader compiler UnityShaderCompiler after 0.01 seconds
Refreshing native plugins compatible for Editor in 0.32 ms, found 0 plugins.
Preloading 0 native plugins for Editor in 0.00 ms.
Unloading 18 Unused Serialized files (Serialized files now loaded: 0)
Unloading 6242 unused Assets / (5.7 MB). Loaded Objects now: 7051.
Memory consumption went from 141.6 MB to 135.9 MB.
Total: 9.498183 ms (FindLiveObjects: 0.482998 ms CreateObjectMapping: 0.361138 ms MarkObjects: 5.944390 ms  DeleteObjects: 2.708687 ms)

========================================================================
Received Import Request.
  Time since last request: 3839.594409 seconds.
  path: Assets/Retro Shaders Pro/Editor
  artifactKey: Guid(2dc9db5f081170a4db75a74f277428b3) Importer(2089858483,b0f066a214c2f5e87bad3c948f4d605d)
Start importing Assets/Retro Shaders Pro/Editor using Guid(2dc9db5f081170a4db75a74f277428b3) Importer(2089858483,b0f066a214c2f5e87bad3c948f4d605d) (ScriptedImporter) -> (artifact id: 'f6cf436e409ceca546144014317f0167') in 0.035000995 seconds
Number of updated asset objects reloaded before import = 0Number of asset objects unloaded after import = 1

========================================================================
Received Import Request.
  Time since last request: 0.000008 seconds.
  path: Assets/Parkour FPS - First Person Character Controller/Sounds/jump_land.wav
  artifactKey: Guid(eb5538ba5937f634588a35283b5d8211) Importer(2089858483,b0f066a214c2f5e87bad3c948f4d605d)
Start importing Assets/Parkour FPS - First Person Character Controller/Sounds/jump_land.wav using Guid(eb5538ba5937f634588a35283b5d8211) Importer(2089858483,b0f066a214c2f5e87bad3c948f4d605d) (ScriptedImporter) -> (artifact id: '162cceb4117eb957a9e0c7450cba92dd') in 0.044908845 seconds
Number of updated asset objects reloaded before import = 0Number of asset objects unloaded after import = 1

========================================================================
Received Import Request.
  Time since last request: 0.000008 seconds.
  path: Assets/Retro Shaders Pro/Shaders/RetroMetaPass.hlsl
  artifactKey: Guid(fa7d85b7726583d4c9c4223001aa7be3) Importer(2089858483,b0f066a214c2f5e87bad3c948f4d605d)
Start importing Assets/Retro Shaders Pro/Shaders/RetroMetaPass.hlsl using Guid(fa7d85b7726583d4c9c4223001aa7be3) Importer(2089858483,b0f066a214c2f5e87bad3c948f4d605d) (ScriptedImporter) -> (artifact id: '2598a7d09b5f014bf860acc219e5e75e') in 0.001793331 seconds
Number of updated asset objects reloaded before import = 0Number of asset objects unloaded after import = 1

========================================================================
Received Import Request.
  Time since last request: 0.000007 seconds.
  path: Assets/Retro Shaders Pro/Demo/Textures/Window.png
  artifactKey: Guid(11ee6530d5414f149b565edbea0bebe5) Importer(2089858483,b0f066a214c2f5e87bad3c948f4d605d)
Start importing Assets/Retro Shaders Pro/Demo/Textures/Window.png using Guid(11ee6530d5414f149b565edbea0bebe5) Importer(2089858483,b0f066a214c2f5e87bad3c948f4d605d) (ScriptedImporter) -> (artifact id: 'b0fb39b1136056c437b240a4662d0d6f') in 0.033680541 seconds
Number of updated asset objects reloaded before import = 0Number of asset objects unloaded after import = 1

========================================================================
Received Import Request.
  Time since last request: 0.000008 seconds.
  path: Assets/Retro Shaders Pro/Editor/CRTEffectEditor.cs
  artifactKey: Guid(a6e4aa1c221b78b489bc8ba01df7d501) Importer(2089858483,b0f066a214c2f5e87bad3c948f4d605d)
Start importing Assets/Retro Shaders Pro/Editor/CRTEffectEditor.cs using Guid(a6e4aa1c221b78b489bc8ba01df7d501) Importer(2089858483,b0f066a214c2f5e87bad3c948f4d605d) (ScriptedImporter) -> (artifact id: '3497766cad361bd927db3b8a05eb487b') in 0.007495393 seconds
Number of updated asset objects reloaded before import = 0Number of asset objects unloaded after import = 0

========================================================================
Received Import Request.
  Time since last request: 0.000010 seconds.
  path: Assets/Retro Shaders Pro/Demo/Meshes/Windmill.fbx
  artifactKey: Guid(93d94d71db7832545a7c6bb3abc396a0) Importer(2089858483,b0f066a214c2f5e87bad3c948f4d605d)
Start importing Assets/Retro Shaders Pro/Demo/Meshes/Windmill.fbx using Guid(93d94d71db7832545a7c6bb3abc396a0) Importer(2089858483,b0f066a214c2f5e87bad3c948f4d605d) (ScriptedImporter) -> (artifact id: '5d46b9687890fce5375c96f6da54ac06') in 0.026955695 seconds
Number of updated asset objects reloaded before import = 0Number of asset objects unloaded after import = 23

========================================================================
Received Import Request.
  Time since last request: 0.000013 seconds.
  path: Assets/Parkour FPS - First Person Character Controller/Textures/mouse_cursor.png
  artifactKey: Guid(620e68292a0f0054e86257feeb1dec0c) Importer(2089858483,b0f066a214c2f5e87bad3c948f4d605d)
Start importing Assets/Parkour FPS - First Person Character Controller/Textures/mouse_cursor.png using Guid(620e68292a0f0054e86257feeb1dec0c) Importer(2089858483,b0f066a214c2f5e87bad3c948f4d605d) (ScriptedImporter) -> (artifact id: '8b009d95924fdd9fb5e4f22c60909f18') in 0.003654381 seconds
Number of updated asset objects reloaded before import = 0Number of asset objects unloaded after import = 1

========================================================================
Received Import Request.
  Time since last request: 0.000007 seconds.
  path: Assets/Retro Shaders Pro/Demo/Prefabs/Mushroom Red.prefab
  artifactKey: Guid(103c5eb6341b6554fa7d2ee4f22a8925) Importer(2089858483,b0f066a214c2f5e87bad3c948f4d605d)
Start importing Assets/Retro Shaders Pro/Demo/Prefabs/Mushroom Red.prefab using Guid(103c5eb6341b6554fa7d2ee4f22a8925) Importer(2089858483,b0f066a214c2f5e87bad3c948f4d605d) (ScriptedImporter) -> (artifact id: 'f222ba02d88071b27eb7fb1ba3418532') in 0.016638057 seconds
Number of updated asset objects reloaded before import = 0Number of asset objects unloaded after import = 9

========================================================================
Received Import Request.
  Time since last request: 0.000008 seconds.
  path: Assets/Parkour FPS - First Person Character Controller/Scripts
  artifactKey: Guid(26a49b4a9baed1848ab2e2d78e0aa297) Importer(2089858483,b0f066a214c2f5e87bad3c948f4d605d)
Start importing Assets/Parkour FPS - First Person Character Controller/Scripts using Guid(26a49b4a9baed1848ab2e2d78e0aa297) Importer(2089858483,b0f066a214c2f5e87bad3c948f4d605d) (ScriptedImporter) -> (artifact id: 'fbca266cedd5ec1611bebff02a512d0e') in 0.001137564 seconds
Number of updated asset objects reloaded before import = 0Number of asset objects unloaded after import = 1

========================================================================
Received Import Request.
  Time since last request: 0.000011 seconds.
  path: Assets/Retro Shaders Pro/Demo/Textures/WoodPlanks
  artifactKey: Guid(d6ae07166bf08274d9d0d7e81eadff19) Importer(2089858483,b0f066a214c2f5e87bad3c948f4d605d)
Start importing Assets/Retro Shaders Pro/Demo/Textures/WoodPlanks using Guid(d6ae07166bf08274d9d0d7e81eadff19) Importer(2089858483,b0f066a214c2f5e87bad3c948f4d605d) (ScriptedImporter) -> (artifact id: '3a7b831b34db2cb85862189b00e00e2c') in 0.001312193 seconds
Number of updated asset objects reloaded before import = 0Number of asset objects unloaded after import = 1

========================================================================
Received Import Request.
  Time since last request: 0.000013 seconds.
  path: Assets/Retro Shaders Pro/Shaders/CRT Mesh/CRTSurfaceInput.hlsl
  artifactKey: Guid(b36f8cfc54e109745a97a95097c0ac6f) Importer(2089858483,b0f066a214c2f5e87bad3c948f4d605d)
Start importing Assets/Retro Shaders Pro/Shaders/CRT Mesh/CRTSurfaceInput.hlsl using Guid(b36f8cfc54e109745a97a95097c0ac6f) Importer(2089858483,b0f066a214c2f5e87bad3c948f4d605d) (ScriptedImporter) -> (artifact id: '7b8395bec19c0244cd3fce83724ef91f') in 0.001305793 seconds
Number of updated asset objects reloaded before import = 0Number of asset objects unloaded after import = 1

========================================================================
Received Import Request.
  Time since last request: 0.000008 seconds.
  path: Assets/Retro Shaders Pro/Shaders/RetroGBufferPass.hlsl
  artifactKey: Guid(66fea14925c90ad46b60d2e28837b7c1) Importer(2089858483,b0f066a214c2f5e87bad3c948f4d605d)
Start importing Assets/Retro Shaders Pro/Shaders/RetroGBufferPass.hlsl using Guid(66fea14925c90ad46b60d2e28837b7c1) Importer(2089858483,b0f066a214c2f5e87bad3c948f4d605d) (ScriptedImporter) -> (artifact id: '213386caaa3461e169158562731613fb') in 0.001167344 seconds
Number of updated asset objects reloaded before import = 0Number of asset objects unloaded after import = 1

========================================================================
Received Import Request.
  Time since last request: 0.000010 seconds.
  path: Assets/Retro Shaders Pro/Demo/Prefabs
  artifactKey: Guid(2370d02cbb9b4ac42b6fb720367bb3ff) Importer(2089858483,b0f066a214c2f5e87bad3c948f4d605d)
Start importing Assets/Retro Shaders Pro/Demo/Prefabs using Guid(2370d02cbb9b4ac42b6fb720367bb3ff) Importer(2089858483,b0f066a214c2f5e87bad3c948f4d605d) (ScriptedImporter) -> (artifact id: '0885c198ebfd0dbf1b76d9dda0acbab3') in 0.001200304 seconds
Number of updated asset objects reloaded before import = 0Number of asset objects unloaded after import = 1

========================================================================
Received Import Request.
  Time since last request: 0.000009 seconds.
  path: Assets/Retro Shaders Pro/Editor/Installer/Resources/InstallerBanner.png
  artifactKey: Guid(d368af6aa98b359448cae18de06039c1) Importer(2089858483,b0f066a214c2f5e87bad3c948f4d605d)
Start importing Assets/Retro Shaders Pro/Editor/Installer/Resources/InstallerBanner.png using Guid(d368af6aa98b359448cae18de06039c1) Importer(2089858483,b0f066a214c2f5e87bad3c948f4d605d) (ScriptedImporter) -> (artifact id: '1c93186a5de851134d2453e23fc646e5') in 0.004915175 seconds
Number of updated asset objects reloaded before import = 0Number of asset objects unloaded after import = 1

========================================================================
Received Import Request.
  Time since last request: 0.000008 seconds.
  path: Assets/JC_LP_MegaCity/Materials/M_MegaCity_Glass_01.mat
  artifactKey: Guid(881d565a9cccf504e92e8350007d42a8) Importer(2089858483,b0f066a214c2f5e87bad3c948f4d605d)
Start importing Assets/JC_LP_MegaCity/Materials/M_MegaCity_Glass_01.mat using Guid(881d565a9cccf504e92e8350007d42a8) Importer(2089858483,b0f066a214c2f5e87bad3c948f4d605d) (ScriptedImporter) -> (artifact id: 'a9b306e996eab21f27e95b29f8b23da6') in 0.015849821 seconds
Number of updated asset objects reloaded before import = 0Number of asset objects unloaded after import = 1

========================================================================
Received Import Request.
  Time since last request: 0.014512 seconds.
  path: Assets/Retro Shaders Pro/Demo/Volumes
  artifactKey: Guid(a3068778696095d4ba162fbc2a242b8d) Importer(2089858483,b0f066a214c2f5e87bad3c948f4d605d)
Start importing Assets/Retro Shaders Pro/Demo/Volumes using Guid(a3068778696095d4ba162fbc2a242b8d) Importer(2089858483,b0f066a214c2f5e87bad3c948f4d605d) (ScriptedImporter) -> (artifact id: '408ce13cbafc598451264ff71832dbf2') in 0.001536273 seconds
Number of updated asset objects reloaded before import = 0Number of asset objects unloaded after import = 1

========================================================================
Received Import Request.
  Time since last request: 0.000012 seconds.
  path: Assets/Retro Shaders Pro/Shaders/CRT Mesh/UnlitForwardPass.hlsl
  artifactKey: Guid(2b16d466469102f46a9b845e41e8a90e) Importer(2089858483,b0f066a214c2f5e87bad3c948f4d605d)
Start importing Assets/Retro Shaders Pro/Shaders/CRT Mesh/UnlitForwardPass.hlsl using Guid(2b16d466469102f46a9b845e41e8a90e) Importer(2089858483,b0f066a214c2f5e87bad3c948f4d605d) (ScriptedImporter) -> (artifact id: 'f28f0f53a9bb2b10ab91576313e77c54') in 0.001511712 seconds
Number of updated asset objects reloaded before import = 0Number of asset objects unloaded after import = 1

========================================================================
Received Import Request.
  Time since last request: 0.000008 seconds.
  path: Assets/Retro Shaders Pro/Demo/Prefabs/GrassTuft.prefab
  artifactKey: Guid(e58d1973b4c918543a92dc9ed6355844) Importer(2089858483,b0f066a214c2f5e87bad3c948f4d605d)
Start importing Assets/Retro Shaders Pro/Demo/Prefabs/GrassTuft.prefab using Guid(e58d1973b4c918543a92dc9ed6355844) Importer(2089858483,b0f066a214c2f5e87bad3c948f4d605d) (ScriptedImporter) -> (artifact id: 'b3c01549688aa4bc7acfc61b467870e7') in 0.003455803 seconds
Number of updated asset objects reloaded before import = 0Number of asset objects unloaded after import = 9

========================================================================
Received Import Request.
  Time since last request: 0.000014 seconds.
  path: Assets/Retro Shaders Pro/Demo/Materials/Retro Crate.mat
  artifactKey: Guid(262c7b885fcb97e42a215eb6c01becd2) Importer(2089858483,b0f066a214c2f5e87bad3c948f4d605d)
Start importing Assets/Retro Shaders Pro/Demo/Materials/Retro Crate.mat using Guid(262c7b885fcb97e42a215eb6c01becd2) Importer(2089858483,b0f066a214c2f5e87bad3c948f4d605d) (ScriptedImporter) -> (artifact id: 'ce8045d54a0e377f320e347943dc8441') in 0.004141999 seconds
Number of updated asset objects reloaded before import = 0Number of asset objects unloaded after import = 2

========================================================================
Received Import Request.
  Time since last request: 0.000010 seconds.
  path: Assets/Retro Shaders Pro/Demo/Terrain
  artifactKey: Guid(3ef35633ce3398243b62ad03abf6ddbc) Importer(2089858483,b0f066a214c2f5e87bad3c948f4d605d)
Start importing Assets/Retro Shaders Pro/Demo/Terrain using Guid(3ef35633ce3398243b62ad03abf6ddbc) Importer(2089858483,b0f066a214c2f5e87bad3c948f4d605d) (ScriptedImporter) -> (artifact id: '2ef27601045b8b4b4077a2218e1d205f') in 0.001284573 seconds
Number of updated asset objects reloaded before import = 0Number of asset objects unloaded after import = 1

========================================================================
Received Import Request.
  Time since last request: 0.000009 seconds.
  path: Assets/Retro Shaders Pro/Demo/Meshes/Keypad.fbx
  artifactKey: Guid(a77c009851f28d64384908cef47b14ff) Importer(2089858483,b0f066a214c2f5e87bad3c948f4d605d)
Start importing Assets/Retro Shaders Pro/Demo/Meshes/Keypad.fbx using Guid(a77c009851f28d64384908cef47b14ff) Importer(2089858483,b0f066a214c2f5e87bad3c948f4d605d) (ScriptedImporter) -> (artifact id: 'c985e3d29a422f63663ce38d670c625a') in 0.004167209 seconds
Number of updated asset objects reloaded before import = 0Number of asset objects unloaded after import = 13

========================================================================
Received Import Request.
  Time since last request: 0.000009 seconds.
  path: Assets/Retro Shaders Pro/Demo/Textures/MushroomBlue.png
  artifactKey: Guid(5a79961b52d1bfb4face301edf87454b) Importer(2089858483,b0f066a214c2f5e87bad3c948f4d605d)
Start importing Assets/Retro Shaders Pro/Demo/Textures/MushroomBlue.png using Guid(5a79961b52d1bfb4face301edf87454b) Importer(2089858483,b0f066a214c2f5e87bad3c948f4d605d) (ScriptedImporter) -> (artifact id: '03b65d74046fce97120dfc7831ca0c08') in 0.003902261 seconds
Number of updated asset objects reloaded before import = 0Number of asset objects unloaded after import = 1

========================================================================
Received Import Request.
  Time since last request: 0.000010 seconds.
  path: Assets/Retro Shaders Pro/Resources/Textures/RGBTexture.png
  artifactKey: Guid(181d47e768319424291cbf45dfce2db1) Importer(2089858483,b0f066a214c2f5e87bad3c948f4d605d)
Start importing Assets/Retro Shaders Pro/Resources/Textures/RGBTexture.png using Guid(181d47e768319424291cbf45dfce2db1) Importer(2089858483,b0f066a214c2f5e87bad3c948f4d605d) (ScriptedImporter) -> (artifact id: '0090ddb1b0d036775db50cfe1906e012') in 0.003779412 seconds
Number of updated asset objects reloaded before import = 0Number of asset objects unloaded after import = 1

========================================================================
Received Import Request.
  Time since last request: 0.000008 seconds.
  path: Assets/Retro Shaders Pro/Demo/Materials/Retro Terrain Lit.mat
  artifactKey: Guid(bd75838be8c9c0a47a9eb88b0039e7d0) Importer(2089858483,b0f066a214c2f5e87bad3c948f4d605d)
Start importing Assets/Retro Shaders Pro/Demo/Materials/Retro Terrain Lit.mat using Guid(bd75838be8c9c0a47a9eb88b0039e7d0) Importer(2089858483,b0f066a214c2f5e87bad3c948f4d605d) (ScriptedImporter) -> (artifact id: '890c24c00b6cb4e7331e6b31eb90a1f0') in 0.004339328 seconds
Number of updated asset objects reloaded before import = 0Number of asset objects unloaded after import = 3

========================================================================
Received Import Request.
  Time since last request: 0.000012 seconds.
  path: Assets/Retro Shaders Pro/Resources/Shaders/CRT.shader
  artifactKey: Guid(1444bdf57a6b9d0439ca29aa0a242e58) Importer(2089858483,b0f066a214c2f5e87bad3c948f4d605d)
Start importing Assets/Retro Shaders Pro/Resources/Shaders/CRT.shader using Guid(1444bdf57a6b9d0439ca29aa0a242e58) Importer(2089858483,b0f066a214c2f5e87bad3c948f4d605d) (ScriptedImporter) -> (artifact id: '144c46c91bb1d9099884fee5a0c059ce') in 0.003701741 seconds
Number of updated asset objects reloaded before import = 0Number of asset objects unloaded after import = 1

========================================================================
Received Import Request.
  Time since last request: 0.000017 seconds.
  path: Assets/Retro Shaders Pro/Demo/Materials/Retro Crate Alt.mat
  artifactKey: Guid(1636a8b6c0dc86a4e8270d1fe9f2c179) Importer(2089858483,b0f066a214c2f5e87bad3c948f4d605d)
Start importing Assets/Retro Shaders Pro/Demo/Materials/Retro Crate Alt.mat using Guid(1636a8b6c0dc86a4e8270d1fe9f2c179) Importer(2089858483,b0f066a214c2f5e87bad3c948f4d605d) (ScriptedImporter) -> (artifact id: 'd9314cbf095be09e768fb6f6a5bf21ab') in 0.005254903 seconds
Number of updated asset objects reloaded before import = 0Number of asset objects unloaded after import = 2

========================================================================
Received Import Request.
  Time since last request: 0.000008 seconds.
  path: Assets/Retro Shaders Pro/Demo/Materials/Lamps/Retro Lamp Green.mat
  artifactKey: Guid(e1154faa8b2887c4ea7d174b03e3add8) Importer(2089858483,b0f066a214c2f5e87bad3c948f4d605d)
Start importing Assets/Retro Shaders Pro/Demo/Materials/Lamps/Retro Lamp Green.mat using Guid(e1154faa8b2887c4ea7d174b03e3add8) Importer(2089858483,b0f066a214c2f5e87bad3c948f4d605d) (ScriptedImporter) -> (artifact id: '806a4309cfdee898ca0453934f20d998') in 0.002896206 seconds
Number of updated asset objects reloaded before import = 0Number of asset objects unloaded after import = 2

========================================================================
Received Import Request.
  Time since last request: 0.000008 seconds.
  path: Assets/Retro Shaders Pro/Demo/Textures/Bricks/Bricks090_1K-PNG_Color.png
  artifactKey: Guid(30d032257df820c408b2851da3c49aa2) Importer(2089858483,b0f066a214c2f5e87bad3c948f4d605d)
Start importing Assets/Retro Shaders Pro/Demo/Textures/Bricks/Bricks090_1K-PNG_Color.png using Guid(30d032257df820c408b2851da3c49aa2) Importer(2089858483,b0f066a214c2f5e87bad3c948f4d605d) (ScriptedImporter) -> (artifact id: 'c854c8d942fa4901931e2a6aaa800c0f') in 0.004198519 seconds
Number of updated asset objects reloaded before import = 0Number of asset objects unloaded after import = 1

========================================================================
Received Import Request.
  Time since last request: 0.000009 seconds.
  path: Assets/Retro Shaders Pro/Demo/Textures/MushroomRed.png
  artifactKey: Guid(df8d9f86f77f5b847b64ad3ea5811927) Importer(2089858483,b0f066a214c2f5e87bad3c948f4d605d)
Start importing Assets/Retro Shaders Pro/Demo/Textures/MushroomRed.png using Guid(df8d9f86f77f5b847b64ad3ea5811927) Importer(2089858483,b0f066a214c2f5e87bad3c948f4d605d) (ScriptedImporter) -> (artifact id: '9ec9bb83b273b681b725f997c046740d') in 0.00394506 seconds
Number of updated asset objects reloaded before import = 0Number of asset objects unloaded after import = 1

========================================================================
Received Import Request.
  Time since last request: 0.000010 seconds.
  path: Assets/Retro Shaders Pro/Demo/Textures/Balcony.png
  artifactKey: Guid(ff875d1110d792d4587166970f6d9ffd) Importer(2089858483,b0f066a214c2f5e87bad3c948f4d605d)
Start importing Assets/Retro Shaders Pro/Demo/Textures/Balcony.png using Guid(ff875d1110d792d4587166970f6d9ffd) Importer(2089858483,b0f066a214c2f5e87bad3c948f4d605d) (ScriptedImporter) -> (artifact id: 'da01d833b718810ec2d343df31afa705') in 0.006629817 seconds
Number of updated asset objects reloaded before import = 0Number of asset objects unloaded after import = 1

========================================================================
Received Import Request.
  Time since last request: 0.000009 seconds.
  path: Assets/Retro Shaders Pro/Demo/Scenes/OutdoorDemo.unity
  artifactKey: Guid(af8bab9db2045304099cbf68f7cddc64) Importer(2089858483,b0f066a214c2f5e87bad3c948f4d605d)
Start importing Assets/Retro Shaders Pro/Demo/Scenes/OutdoorDemo.unity using Guid(af8bab9db2045304099cbf68f7cddc64) Importer(2089858483,b0f066a214c2f5e87bad3c948f4d605d) (ScriptedImporter) -> (artifact id: 'd0661f5878a2de952fea6739fd48187d') in 0.003567093 seconds
Number of updated asset objects reloaded before import = 0Number of asset objects unloaded after import = 1

========================================================================
Received Import Request.
  Time since last request: 0.000008 seconds.
  path: Assets/Retro Shaders Pro/Resources/Textures
  artifactKey: Guid(4b580361226ed2148bf61a1a345d8c38) Importer(2089858483,b0f066a214c2f5e87bad3c948f4d605d)
Start importing Assets/Retro Shaders Pro/Resources/Textures using Guid(4b580361226ed2148bf61a1a345d8c38) Importer(2089858483,b0f066a214c2f5e87bad3c948f4d605d) (ScriptedImporter) -> (artifact id: '830d80c4051eb2783bea0c65477abd3c') in 0.001176355 seconds
Number of updated asset objects reloaded before import = 0Number of asset objects unloaded after import = 1

========================================================================
Received Import Request.
  Time since last request: 0.000009 seconds.
  path: Assets/Retro Shaders Pro/Demo/Textures/Road/Road02.png
  artifactKey: Guid(1ffd1f33a3479fa4cb14c164b7370f6f) Importer(2089858483,b0f066a214c2f5e87bad3c948f4d605d)
Start importing Assets/Retro Shaders Pro/Demo/Textures/Road/Road02.png using Guid(1ffd1f33a3479fa4cb14c164b7370f6f) Importer(2089858483,b0f066a214c2f5e87bad3c948f4d605d) (ScriptedImporter) -> (artifact id: '199ce3c176f3bdf6cc54cd9f9b9aede2') in 0.005363683 seconds
Number of updated asset objects reloaded before import = 0Number of asset objects unloaded after import = 1

========================================================================
Received Import Request.
  Time since last request: 0.125768 seconds.
  path: Assets/Retro Shaders Pro/Resources/Textures/ScanlineTexture.png
  artifactKey: Guid(7b5d79ca87223054fa2cb8ee041efb01) Importer(2089858483,b0f066a214c2f5e87bad3c948f4d605d)
Start importing Assets/Retro Shaders Pro/Resources/Textures/ScanlineTexture.png using Guid(7b5d79ca87223054fa2cb8ee041efb01) Importer(2089858483,b0f066a214c2f5e87bad3c948f4d605d) (ScriptedImporter) -> (artifact id: '4d45e33e8495d7866a7fd45e838216eb') in 0.004358299 seconds
Number of updated asset objects reloaded before import = 0Number of asset objects unloaded after import = 1

========================================================================
Received Import Request.
  Time since last request: 0.000009 seconds.
  path: Assets/Retro Shaders Pro/Demo/Textures/TreeLeavesApple.png
  artifactKey: Guid(997c93883cd7d9845841370e32c6e705) Importer(2089858483,b0f066a214c2f5e87bad3c948f4d605d)
Start importing Assets/Retro Shaders Pro/Demo/Textures/TreeLeavesApple.png using Guid(997c93883cd7d9845841370e32c6e705) Importer(2089858483,b0f066a214c2f5e87bad3c948f4d605d) (ScriptedImporter) -> (artifact id: 'f76ac28f16ef8afc1a78148275d2a540') in 0.004261929 seconds
Number of updated asset objects reloaded before import = 0Number of asset objects unloaded after import = 1

========================================================================
Received Import Request.
  Time since last request: 0.000007 seconds.
  path: Assets/Retro Shaders Pro/Demo/Textures/GrassTuft.png
  artifactKey: Guid(783c3ef4524387740bda053d13f7ea3d) Importer(2089858483,b0f066a214c2f5e87bad3c948f4d605d)
Start importing Assets/Retro Shaders Pro/Demo/Textures/GrassTuft.png using Guid(783c3ef4524387740bda053d13f7ea3d) Importer(2089858483,b0f066a214c2f5e87bad3c948f4d605d) (ScriptedImporter) -> (artifact id: 'bef4dc64116dc643877915eeb5a1874f') in 0.003653702 seconds
Number of updated asset objects reloaded before import = 0Number of asset objects unloaded after import = 1

========================================================================
Received Import Request.
  Time since last request: 0.000008 seconds.
  path: Assets/Retro Shaders Pro/Shaders/Skybox/Retro Skybox (Procedural).shadergraph
  artifactKey: Guid(5e4dc85abd18a5a4ea90867121baf2e1) Importer(2089858483,b0f066a214c2f5e87bad3c948f4d605d)
Start importing Assets/Retro Shaders Pro/Shaders/Skybox/Retro Skybox (Procedural).shadergraph using Guid(5e4dc85abd18a5a4ea90867121baf2e1) Importer(2089858483,b0f066a214c2f5e87bad3c948f4d605d) (ScriptedImporter) -> (artifact id: '07fefeabd3ebfa3adc3958a976d88b89') in 0.0199074 seconds
Number of updated asset objects reloaded before import = 0Number of asset objects unloaded after import = 5

========================================================================
Received Import Request.
  Time since last request: 0.000018 seconds.
  path: Assets/Retro Shaders Pro/Shaders
  artifactKey: Guid(bc828e80e78efba40b045d58d0f4a7f6) Importer(2089858483,b0f066a214c2f5e87bad3c948f4d605d)
Start importing Assets/Retro Shaders Pro/Shaders using Guid(bc828e80e78efba40b045d58d0f4a7f6) Importer(2089858483,b0f066a214c2f5e87bad3c948f4d605d) (ScriptedImporter) -> (artifact id: '608110def284197cab42fdcc558d569b') in 0.001764531 seconds
Number of updated asset objects reloaded before import = 0Number of asset objects unloaded after import = 1

========================================================================
Received Import Request.
  Time since last request: 0.000017 seconds.
  path: Assets/Development/Shaders/Retro Base/RetroSGFunctions.hlsl
  artifactKey: Guid(719e91fc4570c294fb4705c2a1fe9e9f) Importer(2089858483,b0f066a214c2f5e87bad3c948f4d605d)
Start importing Assets/Development/Shaders/Retro Base/RetroSGFunctions.hlsl using Guid(719e91fc4570c294fb4705c2a1fe9e9f) Importer(2089858483,b0f066a214c2f5e87bad3c948f4d605d) (ScriptedImporter) -> (artifact id: '84b800e0d7bfe2be42748683f07f0414') in 0.00200237 seconds
Number of updated asset objects reloaded before import = 0Number of asset objects unloaded after import = 1

========================================================================
Received Import Request.
  Time since last request: 0.000008 seconds.
  path: Assets/Development
  artifactKey: Guid(31a7fe17fc477dc079d6e5ebaa42885c) Importer(2089858483,b0f066a214c2f5e87bad3c948f4d605d)
Start importing Assets/Development using Guid(31a7fe17fc477dc079d6e5ebaa42885c) Importer(2089858483,b0f066a214c2f5e87bad3c948f4d605d) (ScriptedImporter) -> (artifact id: 'd609a707f8e8bb022d2004c75a96b99d') in 0.001606052 seconds
Number of updated asset objects reloaded before import = 0Number of asset objects unloaded after import = 1

========================================================================
Received Import Request.
  Time since last request: 0.000011 seconds.
  path: Assets/Retro Shaders Pro/Shaders/RetroDepthOnlyPass.hlsl
  artifactKey: Guid(6a431b528c5d9644c96337d0b7f717fe) Importer(2089858483,b0f066a214c2f5e87bad3c948f4d605d)
Start importing Assets/Retro Shaders Pro/Shaders/RetroDepthOnlyPass.hlsl using Guid(6a431b528c5d9644c96337d0b7f717fe) Importer(2089858483,b0f066a214c2f5e87bad3c948f4d605d) (ScriptedImporter) -> (artifact id: 'd10fe6d479257f238c5e0834c8351361') in 0.001331723 seconds
Number of updated asset objects reloaded before import = 0Number of asset objects unloaded after import = 1

========================================================================
Received Import Request.
  Time since last request: 0.000010 seconds.
  path: Assets/Retro Shaders Pro/Demo/Materials/Retro Concrete.mat
  artifactKey: Guid(0b217f0d6f78af94384960133258c5da) Importer(2089858483,b0f066a214c2f5e87bad3c948f4d605d)
Start importing Assets/Retro Shaders Pro/Demo/Materials/Retro Concrete.mat using Guid(0b217f0d6f78af94384960133258c5da) Importer(2089858483,b0f066a214c2f5e87bad3c948f4d605d) (ScriptedImporter) -> (artifact id: 'e333c28025037d5e295462879823115c') in 0.003045414 seconds
Number of updated asset objects reloaded before import = 0Number of asset objects unloaded after import = 2

========================================================================
Received Import Request.
  Time since last request: 0.000008 seconds.
  path: Assets/Retro Shaders Pro/Demo/Prefabs/Mushroom Blue.prefab
  artifactKey: Guid(9d4d9aa1fe019e44a93383d55451ae8d) Importer(2089858483,b0f066a214c2f5e87bad3c948f4d605d)
Start importing Assets/Retro Shaders Pro/Demo/Prefabs/Mushroom Blue.prefab using Guid(9d4d9aa1fe019e44a93383d55451ae8d) Importer(2089858483,b0f066a214c2f5e87bad3c948f4d605d) (ScriptedImporter) -> (artifact id: '89f948c8ef591edbcaf7f133cf45a9c3') in 0.005415403 seconds
Number of updated asset objects reloaded before import = 0Number of asset objects unloaded after import = 16

========================================================================
Received Import Request.
  Time since last request: 0.000009 seconds.
  path: Assets/Retro Shaders Pro/Demo/Prefabs/NeonSign.prefab
  artifactKey: Guid(4dd15af2cbd469a49bf94819aa688ae4) Importer(2089858483,b0f066a214c2f5e87bad3c948f4d605d)
Start importing Assets/Retro Shaders Pro/Demo/Prefabs/NeonSign.prefab using Guid(4dd15af2cbd469a49bf94819aa688ae4) Importer(2089858483,b0f066a214c2f5e87bad3c948f4d605d) (ScriptedImporter) -> (artifact id: '5b06f96172889079efd4687e138a867d') in 0.006751936 seconds
Number of updated asset objects reloaded before import = 0Number of asset objects unloaded after import = 12

========================================================================
Received Import Request.
  Time since last request: 0.000011 seconds.
  path: Assets/Retro Shaders Pro/Shaders/RetroLit.shader
  artifactKey: Guid(71a090e9b5b488349913abe716bb7bc6) Importer(2089858483,b0f066a214c2f5e87bad3c948f4d605d)
Start importing Assets/Retro Shaders Pro/Shaders/RetroLit.shader using Guid(71a090e9b5b488349913abe716bb7bc6) Importer(2089858483,b0f066a214c2f5e87bad3c948f4d605d) (ScriptedImporter) -> (artifact id: '19e5c920c5b7b4f0b1128db23b973974') in 0.002529047 seconds
Number of updated asset objects reloaded before import = 0Number of asset objects unloaded after import = 1

========================================================================
Received Import Request.
  Time since last request: 0.000008 seconds.
  path: Assets/Retro Shaders Pro/Editor/Shaders/CRTMeshShaderGUI.cs
  artifactKey: Guid(7e5c841a3d8e67b49b1670cee06c1a0c) Importer(2089858483,b0f066a214c2f5e87bad3c948f4d605d)
Start importing Assets/Retro Shaders Pro/Editor/Shaders/CRTMeshShaderGUI.cs using Guid(7e5c841a3d8e67b49b1670cee06c1a0c) Importer(2089858483,b0f066a214c2f5e87bad3c948f4d605d) (ScriptedImporter) -> (artifact id: '8c781b3f4ff7a648e476a3a7ed1add15') in 0.001456763 seconds
Number of updated asset objects reloaded before import = 0Number of asset objects unloaded after import = 0

Editor requested this worker to shutdown with reason: Scaling down because of idle timeout
AssetImportWorker is now disconnected from the server
Process exiting

SDL leaked 2 allocations
